[golfclub.dexignlab.com/xhtml/index.html]
[golfclub.dexignlab.com/xhtml/images/favicon.ico]
[golfclub.dexignlab.com/xhtml/images/favicon.png]
[backblue.gif]
[fade.gif]
[index.html]
[golfclub.dexignlab.com/xhtml/images/logo2.png]
[golfclub.dexignlab.com/xhtml/index-2.html]
[golfclub.dexignlab.com/xhtml/index-3.html]
[golfclub.dexignlab.com/xhtml/event-half-img.html]
[golfclub.dexignlab.com/xhtml/event-details.html]
[golfclub.dexignlab.com/xhtml/membership.html]
[golfclub.dexignlab.com/xhtml/membership-2.html]
[golfclub.dexignlab.com/xhtml/about.html]
[golfclub.dexignlab.com/xhtml/tee-tips.html]
[golfclub.dexignlab.com/xhtml/team.html]
[golfclub.dexignlab.com/xhtml/facilities.html]
[golfclub.dexignlab.com/xhtml/gallery-grid-3.html]
[golfclub.dexignlab.com/xhtml/product.html]
[golfclub.dexignlab.com/xhtml/product-details.html]
[golfclub.dexignlab.com/xhtml/blog-grid-2.html]
[golfclub.dexignlab.com/xhtml/blog-grid-2-sidebar-left.html]
[golfclub.dexignlab.com/xhtml/blog-half-img.html]
[golfclub.dexignlab.com/xhtml/blog-half-img-left-sidebar.html]
[golfclub.dexignlab.com/xhtml/blog-large-img-left-sidebar.html]
[golfclub.dexignlab.com/xhtml/blog-single.html]
[golfclub.dexignlab.com/xhtml/blog-single-left-sidebar.html]
[golfclub.dexignlab.com/xhtml/contact.html]
[golfclub.dexignlab.com/xhtml/contact-2.html]
[golfclub.dexignlab.com/xhtml/contact-3.html]
[golfclub.dexignlab.com/xhtml/images/main-slider/slide1.jpg]
[golfclub.dexignlab.com/xhtml/images/main-slider/slide2.jpg]
[golfclub.dexignlab.com/xhtml/images/our-services/pic1.jpg]
[golfclub.dexignlab.com/xhtml/images/our-services/pic3.jpg]
[golfclub.dexignlab.com/xhtml/images/our-services/pic2.jpg]
[golfclub.dexignlab.com/xhtml/images/mamber.jpg]
[golfclub.dexignlab.com/xhtml/images/background/bg1.jpg]
[golfclub.dexignlab.com/xhtml/images/our-work/pic1.jpg]
[golfclub.dexignlab.com/xhtml/images/our-work/pic2.jpg]
[golfclub.dexignlab.com/xhtml/images/our-work/pic3.jpg]
[golfclub.dexignlab.com/xhtml/images/our-work/pic4.jpg]
[golfclub.dexignlab.com/xhtml/images/our-work/pic5.jpg]
[golfclub.dexignlab.com/xhtml/images/our-work/pic6.jpg]
[golfclub.dexignlab.com/xhtml/images/background/bg2.jpg]
[golfclub.dexignlab.com/xhtml/images/testimonials/pic1.jpg]
[golfclub.dexignlab.com/xhtml/images/testimonials/pic2.jpg]
[golfclub.dexignlab.com/xhtml/images/testimonials/pic3.jpg]
[golfclub.dexignlab.com/xhtml/images/client-logo/logo1.jpg]
[golfclub.dexignlab.com/xhtml/images/client-logo/logo2.jpg]
[golfclub.dexignlab.com/xhtml/images/client-logo/logo3.jpg]
[golfclub.dexignlab.com/xhtml/images/client-logo/logo4.jpg]
[golfclub.dexignlab.com/xhtml/index.html]
[golfclub.dexignlab.com/xhtml/plugins/themify/fonts/themify9f24.eot]
[golfclub.dexignlab.com/xhtml/plugins/themify/fonts/themifyd41d.eot]
[golfclub.dexignlab.com/xhtml/plugins/themify/fonts/themify9f24.woff]
[golfclub.dexignlab.com/xhtml/plugins/themify/fonts/themify9f24.ttf]
[golfclub.dexignlab.com/xhtml/plugins/themify/themify-icons.css]
[golfclub.dexignlab.com/xhtml/fonts/glyphicons-halflings-regular.eot]
[golfclub.dexignlab.com/xhtml/fonts/glyphicons-halflings-regulard41d.eot]
[golfclub.dexignlab.com/xhtml/fonts/glyphicons-halflings-regular.woff2]
[golfclub.dexignlab.com/xhtml/fonts/glyphicons-halflings-regular.woff]
[golfclub.dexignlab.com/xhtml/fonts/glyphicons-halflings-regular.ttf]
[golfclub.dexignlab.com/xhtml/css/bootstrap.min.css]
[golfclub.dexignlab.com/xhtml/css/fontawesome/fonts/fontawesome-webfont3e6e.eot]
[golfclub.dexignlab.com/xhtml/css/fontawesome/fonts/fontawesome-webfontd41d.eot]
[golfclub.dexignlab.com/xhtml/css/fontawesome/fonts/fontawesome-webfont3e6e.woff2]
[golfclub.dexignlab.com/xhtml/css/fontawesome/fonts/fontawesome-webfont3e6e.woff]
[golfclub.dexignlab.com/xhtml/css/fontawesome/fonts/fontawesome-webfont3e6e.ttf]
[golfclub.dexignlab.com/xhtml/css/fontawesome/css/font-awesome.min.css]
[golfclub.dexignlab.com/xhtml/css/owl.carousel.css]
[golfclub.dexignlab.com/xhtml/css/bootstrap-select.min.css]
[golfclub.dexignlab.com/xhtml/css/magnific-popup.css]
[golfclub.dexignlab.com/xhtml/css/style.css]
[golfclub.dexignlab.com/xhtml/css/skin/skin-2.css]
[golfclub.dexignlab.com/xhtml/css/templete.css]
[golfclub.dexignlab.com/xhtml/css/switcher.css]
[golfclub.dexignlab.com/xhtml/plugins/revolution/fonts/revicons/revicons90c6.eot]
[golfclub.dexignlab.com/xhtml/plugins/revolution/fonts/revicons/revicons90c6.woff]
[golfclub.dexignlab.com/xhtml/plugins/revolution/fonts/revicons/revicons90c6.ttf]
[golfclub.dexignlab.com/xhtml/plugins/revolution/assets/gridtile.png]
[golfclub.dexignlab.com/xhtml/plugins/revolution/assets/gridtile_white.png]
[golfclub.dexignlab.com/xhtml/plugins/revolution/assets/gridtile_3x3.png]
[golfclub.dexignlab.com/xhtml/plugins/revolution/assets/gridtile_3x3_white.png]
[golfclub.dexignlab.com/xhtml/plugins/revolution/assets/coloredbg.png]
[golfclub.dexignlab.com/xhtml/plugins/revolution/assets/loader.gif]
[golfclub.dexignlab.com/xhtml/plugins/revolution/css/settings.css]
[golfclub.dexignlab.com/xhtml/plugins/revolution/css/navigation.css]
[golfclub.dexignlab.com/xhtml/index-2.html]
[golfclub.dexignlab.com/xhtml/images/golf.png]
[golfclub.dexignlab.com/xhtml/images/our-team/pic8.jpg]
[golfclub.dexignlab.com/xhtml/images/our-team/pic9.jpg]
[golfclub.dexignlab.com/xhtml/images/our-team/pic10.jpg]
[golfclub.dexignlab.com/xhtml/images/background/bg3.jpg]
[golfclub.dexignlab.com/xhtml/index-3.html]
[golfclub.dexignlab.com/xhtml/images/our-services/service-3/pic8.jpg]
[golfclub.dexignlab.com/xhtml/images/banner/bnr1.jpg]
[golfclub.dexignlab.com/xhtml/images/blog/grid/pic1.jpg]
[golfclub.dexignlab.com/xhtml/images/blog/grid/pic2.jpg]
[golfclub.dexignlab.com/xhtml/images/blog/grid/pic3.jpg]
[golfclub.dexignlab.com/xhtml/images/blog/grid/pic4.jpg]
[golfclub.dexignlab.com/xhtml/event-half-img.html]
[golfclub.dexignlab.com/xhtml/images/blog/recent-blog/pic1.jpg]
[golfclub.dexignlab.com/xhtml/images/blog/recent-blog/pic2.jpg]
[golfclub.dexignlab.com/xhtml/images/blog/recent-blog/pic3.jpg]
[golfclub.dexignlab.com/xhtml/event-details.html]
[golfclub.dexignlab.com/xhtml/images/pic2.jpg]
[golfclub.dexignlab.com/xhtml/images/icon/4.png]
[golfclub.dexignlab.com/xhtml/images/icon/2.png]
[golfclub.dexignlab.com/xhtml/images/icon/3.png]
[golfclub.dexignlab.com/xhtml/images/icon/1.png]
[golfclub.dexignlab.com/xhtml/membership.html]
[golfclub.dexignlab.com/xhtml/images/pic1.jpg]
[golfclub.dexignlab.com/xhtml/images/our-team/pic1.jpg]
[golfclub.dexignlab.com/xhtml/images/our-team/pic2.jpg]
[golfclub.dexignlab.com/xhtml/images/our-team/pic3.jpg]
[golfclub.dexignlab.com/xhtml/images/our-team/pic4.jpg]
[golfclub.dexignlab.com/xhtml/membership-2.html]
[golfclub.dexignlab.com/xhtml/about.html]
[golfclub.dexignlab.com/xhtml/images/our-services/service-3/pic5.jpg]
[golfclub.dexignlab.com/xhtml/images/our-services/service-3/pic6.jpg]
[golfclub.dexignlab.com/xhtml/images/our-services/service-3/pic7.jpg]
[golfclub.dexignlab.com/xhtml/tee-tips.html]
[golfclub.dexignlab.com/xhtml/images/our-team/pic7.jpg]
[golfclub.dexignlab.com/xhtml/team.html]
[golfclub.dexignlab.com/xhtml/images/our-services/service-3/pic1.jpg]
[golfclub.dexignlab.com/xhtml/images/our-services/service-3/pic2.jpg]
[golfclub.dexignlab.com/xhtml/images/our-services/service-3/pic4.jpg]
[golfclub.dexignlab.com/xhtml/images/our-services/service-3/pic3.jpg]
[golfclub.dexignlab.com/xhtml/facilities.html]
[golfclub.dexignlab.com/xhtml/images/gallery/pic1.jpg]
[golfclub.dexignlab.com/xhtml/images/gallery/pic2.jpg]
[golfclub.dexignlab.com/xhtml/images/gallery/pic3.jpg]
[golfclub.dexignlab.com/xhtml/images/gallery/pic4.jpg]
[golfclub.dexignlab.com/xhtml/images/gallery/pic5.jpg]
[golfclub.dexignlab.com/xhtml/images/gallery/pic6.jpg]
[golfclub.dexignlab.com/xhtml/images/gallery/pic9.jpg]
[golfclub.dexignlab.com/xhtml/gallery-grid-3.html]
[golfclub.dexignlab.com/xhtml/images/product/pic1.jpg]
[golfclub.dexignlab.com/xhtml/images/product/pic2.jpg]
[golfclub.dexignlab.com/xhtml/images/product/pic3.jpg]
[golfclub.dexignlab.com/xhtml/images/product/pic4.jpg]
[golfclub.dexignlab.com/xhtml/images/product/pic5.jpg]
[golfclub.dexignlab.com/xhtml/images/product/pic6.jpg]
[golfclub.dexignlab.com/xhtml/product.html]
[golfclub.dexignlab.com/xhtml/images/product/pic7.jpg]
[golfclub.dexignlab.com/xhtml/product-details.html]
[golfclub.dexignlab.com/xhtml/blog-grid-2.html]
[golfclub.dexignlab.com/xhtml/images/gallery/pic7.jpg]
[golfclub.dexignlab.com/xhtml/images/gallery/pic8.jpg]
[golfclub.dexignlab.com/xhtml/blog-grid-2-sidebar-left.html]
[golfclub.dexignlab.com/xhtml/blog-half-img.html]
[golfclub.dexignlab.com/xhtml/blog-half-img-left-sidebar.html]
[golfclub.dexignlab.com/xhtml/images/blog/default/thum1.jpg]
[golfclub.dexignlab.com/xhtml/images/blog/default/thum2.jpg]
[golfclub.dexignlab.com/xhtml/images/blog/default/thum3.jpg]
[golfclub.dexignlab.com/xhtml/images/blog/default/thum4.jpg]
[golfclub.dexignlab.com/xhtml/blog-large-img-left-sidebar.html]
[golfclub.dexignlab.com/xhtml/blog-single.html]
[golfclub.dexignlab.com/xhtml/blog-single-left-sidebar.html]
[www.google.com/recaptcha/api.js]
[golfclub.dexignlab.com/xhtml/contact.html]
[golfclub.dexignlab.com/xhtml/contact-2.html]
[golfclub.dexignlab.com/xhtml/contact-3.html]
[golfclub.dexignlab.com/xhtml/js/jquery.min.js]
[golfclub.dexignlab.com/xhtml/js/bootstrap.min.js]
[golfclub.dexignlab.com/xhtml/js/bootstrap-select.min.js]
[golfclub.dexignlab.com/xhtml/js/jquery.bootstrap-touchspin.js]
[golfclub.dexignlab.com/xhtml/js/magnific-popup.js]
[golfclub.dexignlab.com/xhtml/js/waypoints-min.js]
[golfclub.dexignlab.com/xhtml/js/counterup.min.js]
[golfclub.dexignlab.com/xhtml/js/jquery.countdown.js]
[golfclub.dexignlab.com/xhtml/js/imagesloaded.js]
[golfclub.dexignlab.com/xhtml/js/masonry-3.1.4.js]
[golfclub.dexignlab.com/xhtml/js/masonry.filter.js]
[golfclub.dexignlab.com/xhtml/js/owl.carousel.js]
[golfclub.dexignlab.com/xhtml/js/dz.carousel.js]
[dzassets.s3.amazonaws.com/w3-global.js]
[golfclub.dexignlab.com/xhtml/js/custom.js]
[golfclub.dexignlab.com/xhtml/images/logo.png]
[golfclub.dexignlab.com/xhtml/images/favicon2.png]
[golfclub.dexignlab.com/xhtml/images/logo3.png]
[golfclub.dexignlab.com/xhtml/images/favicon3.png]
[golfclub.dexignlab.com/xhtml/images/logo4.png]
[golfclub.dexignlab.com/xhtml/images/favicon4.png]
[golfclub.dexignlab.com/xhtml/images/logo5.png]
[golfclub.dexignlab.com/xhtml/images/favicon5.png]
[golfclub.dexignlab.com/xhtml/images/logo6.png]
[golfclub.dexignlab.com/xhtml/images/favicon6.png]
[golfclub.dexignlab.com/xhtml/images/logo7.png]
[golfclub.dexignlab.com/xhtml/images/favicon7.png]
[golfclub.dexignlab.com/xhtml/images/logo8.png]
[golfclub.dexignlab.com/xhtml/images/favicon8.png]
[golfclub.dexignlab.com/xhtml/js/switcher.js]
[golfclub.dexignlab.com/xhtml/plugins/revolution/js/jquery.themepunch.tools.min.js]
[golfclub.dexignlab.com/xhtml/plugins/revolution/js/jquery.themepunch.revolution.min.js]
[golfclub.dexignlab.com/xhtml/plugins/revolution/js/extensions/revolution.extension.actions.min.js]
[golfclub.dexignlab.com/xhtml/plugins/revolution/js/extensions/revolution.extension.carousel.min.js]
[golfclub.dexignlab.com/xhtml/plugins/revolution/js/extensions/revolution.extension.kenburn.min.js]
[golfclub.dexignlab.com/xhtml/plugins/revolution/js/extensions/revolution.extension.layeranimation.min.js]
[golfclub.dexignlab.com/xhtml/plugins/revolution/js/extensions/revolution.extension.migration.min.js]
[golfclub.dexignlab.com/xhtml/plugins/revolution/js/extensions/revolution.extension.navigation.min.js]
[golfclub.dexignlab.com/xhtml/plugins/revolution/js/extensions/revolution.extension.parallax.min.js]
[golfclub.dexignlab.com/xhtml/plugins/revolution/js/extensions/revolution.extension.slideanims.min.js]
[golfclub.dexignlab.com/xhtml/plugins/revolution/js/extensions/revolution.extension.video.min.js]
[golfclub.dexignlab.com/xhtml/js/rev.slider.js]
[golfclub.dexignlab.com/xhtml/plugins/themify/fonts/themify9f24.svg]
[golfclub.dexignlab.com/xhtml/fonts/glyphicons-halflings-regular.svg]
[golfclub.dexignlab.com/xhtml/css/fontawesome/fonts/fontawesome-webfont3e6e.svg]
[golfclub.dexignlab.com/xhtml/images/loading.svg]
[golfclub.dexignlab.com/xhtml/plugins/revolution/fonts/revicons/revicons90c6.svg]
[golfclub.dexignlab.com/xhtml/plugins/revolution/css/openhand.html]
[golfclub.dexignlab.com/xhtml/plugins/revolution/css/closedhand.html]
[golfclub.dexignlab.com/xhtml/js/switcher.min.js]
[golfclub.dexignlab.com/xhtml/js/dz.ajax.js]
[golfclub.dexignlab.com/xhtml/css/skin/skin-1.css]
[golfclub.dexignlab.com/xhtml/css/skin/skin-3.css]
[golfclub.dexignlab.com/xhtml/css/skin/skin-4.css]
[golfclub.dexignlab.com/xhtml/css/skin/skin-5.css]
[golfclub.dexignlab.com/xhtml/css/skin/skin-6.css]
[golfclub.dexignlab.com/xhtml/css/skin/skin-7.css]
[golfclub.dexignlab.com/xhtml/css/skin/skin-8.css]
[golfclub.dexignlab.com/TweenLite.html]
[golfclub.dexignlab.com/xhtml/Version/index.html]
[secure-a.vimeocdn.com/js/froogaloop2.min.html]
